   1               		.file	"mcp4150.c"
   2               	__SP_H__ = 0x3e
   3               	__SP_L__ = 0x3d
   4               	__SREG__ = 0x3f
   5               	__RAMPZ__ = 0x3b
   6               	__tmp_reg__ = 0
   7               	__zero_reg__ = 1
  10               		.text
  11               	.Ltext0:
 275               		.weak	enableSpiMCP4150
 277               	enableSpiMCP4150:
 278               		.stabd	46,0,0
   1:../../../../Lib/mcp4150.c **** /*****************************************************************************
   2:../../../../Lib/mcp4150.c **** * vim:sw=2:ts=2:si:et
   3:../../../../Lib/mcp4150.c **** *
   4:../../../../Lib/mcp4150.c **** * Title      : MPC23s17 parrarel I/O 16 bit port driver
   5:../../../../Lib/mcp4150.c **** * Author     : Adam Kaliszan adam.kaliszan@gmail.com
   6:../../../../Lib/mcp4150.c **** * Copyright  : GPL V2
   7:../../../../Lib/mcp4150.c **** *
   8:../../../../Lib/mcp4150.c **** *This driver provides:
   9:../../../../Lib/mcp4150.c **** * - read/set operation
  10:../../../../Lib/mcp4150.c **** *Driver uses mutexes and is condition race free. Function can be invoken by any thread.
  11:../../../../Lib/mcp4150.c **** *****************************************************************************/
  12:../../../../Lib/mcp4150.c **** //@{
  13:../../../../Lib/mcp4150.c **** #include <avr/io.h>
  14:../../../../Lib/mcp4150.c **** #include <util/delay.h>
  15:../../../../Lib/mcp4150.c **** #include "mcp4150.h"
  16:../../../../Lib/mcp4150.c **** #include "spiXmega.h"
  17:../../../../Lib/mcp4150.c **** 
  18:../../../../Lib/mcp4150.c **** void enableSpiMCP4150(void)  {};
 280               	.LM0:
 281               	.LFBB1:
 282               	/* prologue: function */
 283               	/* frame size = 0 */
 284               	/* stack size = 0 */
 285               	.L__stack_usage = 0
 286 0000 0895      		ret
 288               	.Lscope1:
 290               		.stabd	78,0,0
 292               		.weak	disableSpiMCP4150
 294               	disableSpiMCP4150:
 295               		.stabd	46,0,0
  19:../../../../Lib/mcp4150.c **** void disableSpiMCP4150(void) {};
 297               	.LM1:
 298               	.LFBB2:
 299               	/* prologue: function */
 300               	/* frame size = 0 */
 301               	/* stack size = 0 */
 302               	.L__stack_usage = 0
 303 0002 0895      		ret
 305               	.Lscope2:
 307               		.stabd	78,0,0
 310               	.global	MCP4150_setValue
 312               	MCP4150_setValue:
 313               		.stabd	46,0,0
  20:../../../../Lib/mcp4150.c **** 
  21:../../../../Lib/mcp4150.c **** /**
  22:../../../../Lib/mcp4150.c ****  * Ustawia wartość rezystancji
  23:../../../../Lib/mcp4150.c ****  * @param inputNo - WARTOŚĆ OD 0 DO 255.
  24:../../../../Lib/mcp4150.c ****  */
  25:../../../../Lib/mcp4150.c **** void MCP4150_setValue(uint8_t value)
  26:../../../../Lib/mcp4150.c **** {  
 315               	.LM2:
 316               	.LFBB3:
 318               	.LM3:
 319 0004 CF93      		push r28
 320               	/* prologue: function */
 321               	/* frame size = 0 */
 322               	/* stack size = 1 */
 323               	.L__stack_usage = 1
 324 0006 C82F      		mov r28,r24
  27:../../../../Lib/mcp4150.c ****   spiTake();
 326               	.LM4:
 327 0008 0E94 0000 		call spiTake
  28:../../../../Lib/mcp4150.c ****   enableSpiMCP4150();
 329               	.LM5:
 330 000c 0E94 0000 		call enableSpiMCP4150
  29:../../../../Lib/mcp4150.c ****   
  30:../../../../Lib/mcp4150.c ****   spiSend(0x11);  
 332               	.LM6:
 333 0010 81E1      		ldi r24,lo8(17)
 334 0012 0E94 0000 		call spiSend
  31:../../../../Lib/mcp4150.c ****   spiSend(value);
 336               	.LM7:
 337 0016 8C2F      		mov r24,r28
 338 0018 0E94 0000 		call spiSend
  32:../../../../Lib/mcp4150.c ****   
  33:../../../../Lib/mcp4150.c ****   disableSpiMCP4150(); 
 340               	.LM8:
 341 001c 0E94 0000 		call disableSpiMCP4150
 342               	/* epilogue start */
  34:../../../../Lib/mcp4150.c ****   spiGive();
  35:../../../../Lib/mcp4150.c **** }
 344               	.LM9:
 345 0020 CF91      		pop r28
  34:../../../../Lib/mcp4150.c ****   spiGive();
 347               	.LM10:
 348 0022 0C94 0000 		jmp spiGive
 350               	.Lscope3:
 352               		.stabd	78,0,0
 353               		.comm	czasRtc,7,1
 354               		.comm	sockets,2,1
 355               		.comm	tcpDebugLevel,1,1
 356               		.comm	tcpDebugStream,2,1
 357               		.comm	IpMyConfig,15,1
 358               		.comm	udpDbgLevel,1,1
 359               		.comm	udpDbgStream,2,1
 360               		.comm	udpSocket,2,1
 361               		.comm	icmpDebugLevel,1,1
 362               		.comm	icmpDebug,2,1
 363               		.comm	arpDebugLevel,1,1
 364               		.comm	arpDebug,2,1
 365               		.comm	nicState,14,1
 366               		.comm	xSemaphoreRs485,2,1
 367               		.comm	lockSensors,2,1
 368               		.comm	portB,1,1
 369               		.comm	portA,1,1
 370               		.comm	xSemaphoreSpiSS,2,1
 371               		.comm	rollers,2,1
 372               		.comm	wwwport,1,1
 373               		.comm	klastry,128,1
 395               		.weak	spiSend
 397               	.Letext0:
 398               		.ident	"GCC: (GNU) 4.9.2"
 399               	.global __do_clear_bss
DEFINED SYMBOLS
                            *ABS*:0000000000000000 mcp4150.c
     /tmp/ccZk7fY0.s:2      *ABS*:000000000000003e __SP_H__
     /tmp/ccZk7fY0.s:3      *ABS*:000000000000003d __SP_L__
     /tmp/ccZk7fY0.s:4      *ABS*:000000000000003f __SREG__
     /tmp/ccZk7fY0.s:5      *ABS*:000000000000003b __RAMPZ__
     /tmp/ccZk7fY0.s:6      *ABS*:0000000000000000 __tmp_reg__
     /tmp/ccZk7fY0.s:7      *ABS*:0000000000000001 __zero_reg__
     /tmp/ccZk7fY0.s:277    .text:0000000000000000 enableSpiMCP4150
     /tmp/ccZk7fY0.s:294    .text:0000000000000002 disableSpiMCP4150
     /tmp/ccZk7fY0.s:312    .text:0000000000000004 MCP4150_setValue
                            *COM*:0000000000000007 czasRtc
                            *COM*:0000000000000002 sockets
                            *COM*:0000000000000001 tcpDebugLevel
                            *COM*:0000000000000002 tcpDebugStream
                            *COM*:000000000000000f IpMyConfig
                            *COM*:0000000000000001 udpDbgLevel
                            *COM*:0000000000000002 udpDbgStream
                            *COM*:0000000000000002 udpSocket
                            *COM*:0000000000000001 icmpDebugLevel
                            *COM*:0000000000000002 icmpDebug
                            *COM*:0000000000000001 arpDebugLevel
                            *COM*:0000000000000002 arpDebug
                            *COM*:000000000000000e nicState
                            *COM*:0000000000000002 xSemaphoreRs485
                            *COM*:0000000000000002 lockSensors
                            *COM*:0000000000000001 portB
                            *COM*:0000000000000001 portA
                            *COM*:0000000000000002 xSemaphoreSpiSS
                            *COM*:0000000000000002 rollers
                            *COM*:0000000000000001 wwwport
                            *COM*:0000000000000080 klastry

UNDEFINED SYMBOLS
spiTake
spiSend
spiGive
__do_clear_bss
