   1               		.file	"queueStream.c"
   2               	__SP_H__ = 0x3e
   3               	__SP_L__ = 0x3d
   4               	__SREG__ = 0x3f
   5               	__tmp_reg__ = 0
   6               	__zero_reg__ = 1
   9               		.text
  10               	.Ltext0:
 136               	streamQueueInputFun:
 137               		.stabd	46,0,0
   1:../../../../Lib/queueStream.c **** #include "queueStream.h"
   2:../../../../Lib/queueStream.c **** 
   3:../../../../Lib/queueStream.c **** static int streamQueueOutputFun(char c, FILE *ostream);
   4:../../../../Lib/queueStream.c **** static int streamQueueInputFun(FILE *istream);
   5:../../../../Lib/queueStream.c **** 
   6:../../../../Lib/queueStream.c **** void initQueueStream(FILE *stream, streamBuffers_t *buffer, xQueueHandle Rx, xQueueHandle Tx)
   7:../../../../Lib/queueStream.c **** {
   8:../../../../Lib/queueStream.c ****   fdev_setup_stream(stream, streamQueueOutputFun, streamQueueInputFun, _FDEV_SETUP_RW);
   9:../../../../Lib/queueStream.c ****   fdev_set_udata(stream, (void *)buffer);
  10:../../../../Lib/queueStream.c ****   buffer->Rx = Rx;
  11:../../../../Lib/queueStream.c ****   buffer->Tx = Tx;
  12:../../../../Lib/queueStream.c ****   return;
  13:../../../../Lib/queueStream.c **** }
  14:../../../../Lib/queueStream.c **** 
  15:../../../../Lib/queueStream.c **** static int streamQueueOutputFun(char c, FILE *ostream)
  16:../../../../Lib/queueStream.c **** {
  17:../../../../Lib/queueStream.c ****   streamBuffers_t *strBuf = (streamBuffers_t *) ostream->udata;
  18:../../../../Lib/queueStream.c **** /*  if (xQueueSend( strBuf->Tx, &c, strBuf->tx_timeout))
  19:../../../../Lib/queueStream.c ****   {
  20:../../../../Lib/queueStream.c ****     return EOF;
  21:../../../../Lib/queueStream.c ****   }
  22:../../../../Lib/queueStream.c ****   else*/
  23:../../../../Lib/queueStream.c ****   xQueueSend( strBuf->Tx, &c, portMAX_DELAY);
  24:../../../../Lib/queueStream.c ****   return 0;
  25:../../../../Lib/queueStream.c **** }
  26:../../../../Lib/queueStream.c **** 
  27:../../../../Lib/queueStream.c **** static int streamQueueInputFun(FILE *istream)
  28:../../../../Lib/queueStream.c **** {
 139               	.LM0:
 140               	.LFBB1:
 141 0000 CF93      		push r28
 142 0002 DF93      		push r29
 143 0004 1F92      		push __zero_reg__
 144 0006 CDB7      		in r28,__SP_L__
 145 0008 DEB7      		in r29,__SP_H__
 146               	/* prologue: function */
 147               	/* frame size = 1 */
 148               	/* stack size = 3 */
 149               	.L__stack_usage = 3
  29:../../../../Lib/queueStream.c ****   char c;
  30:../../../../Lib/queueStream.c ****   streamBuffers_t *strBuf = (streamBuffers_t *) istream->udata;
  31:../../../../Lib/queueStream.c ****   xQueueReceive(strBuf->Rx, &c, portMAX_DELAY);
 151               	.LM1:
 152 000a DC01      		movw r26,r24
 153 000c 1C96      		adiw r26,12
 154 000e ED91      		ld r30,X+
 155 0010 FC91      		ld r31,X
 156 0012 1D97      		sbiw r26,12+1
 157 0014 20E0      		ldi r18,0
 158 0016 4FEF      		ldi r20,lo8(-1)
 159 0018 5FEF      		ldi r21,lo8(-1)
 160 001a BE01      		movw r22,r28
 161 001c 6F5F      		subi r22,-1
 162 001e 7F4F      		sbci r23,-1
 163 0020 8081      		ld r24,Z
 164 0022 9181      		ldd r25,Z+1
 165 0024 0E94 0000 		call xQueueGenericReceive
  32:../../../../Lib/queueStream.c ****   return c;
 167               	.LM2:
 168 0028 8981      		ldd r24,Y+1
  33:../../../../Lib/queueStream.c **** }
 170               	.LM3:
 171 002a 082E      		mov __tmp_reg__,r24
 172 002c 000C      		lsl r0
 173 002e 990B      		sbc r25,r25
 174               	/* epilogue start */
 175 0030 0F90      		pop __tmp_reg__
 176 0032 DF91      		pop r29
 177 0034 CF91      		pop r28
 178 0036 0895      		ret
 183               	.Lscope1:
 185               		.stabd	78,0,0
 190               	streamQueueOutputFun:
 191               		.stabd	46,0,0
  16:../../../../Lib/queueStream.c ****   streamBuffers_t *strBuf = (streamBuffers_t *) ostream->udata;
 193               	.LM4:
 194               	.LFBB2:
 195 0038 CF93      		push r28
 196 003a DF93      		push r29
 197 003c 1F92      		push __zero_reg__
 198 003e CDB7      		in r28,__SP_L__
 199 0040 DEB7      		in r29,__SP_H__
 200               	/* prologue: function */
 201               	/* frame size = 1 */
 202               	/* stack size = 3 */
 203               	.L__stack_usage = 3
 204 0042 8983      		std Y+1,r24
  23:../../../../Lib/queueStream.c ****   return 0;
 206               	.LM5:
 207 0044 DB01      		movw r26,r22
 208 0046 1C96      		adiw r26,12
 209 0048 ED91      		ld r30,X+
 210 004a FC91      		ld r31,X
 211 004c 1D97      		sbiw r26,12+1
 212 004e 20E0      		ldi r18,0
 213 0050 4FEF      		ldi r20,lo8(-1)
 214 0052 5FEF      		ldi r21,lo8(-1)
 215 0054 BE01      		movw r22,r28
 216 0056 6F5F      		subi r22,-1
 217 0058 7F4F      		sbci r23,-1
 218 005a 8281      		ldd r24,Z+2
 219 005c 9381      		ldd r25,Z+3
 220 005e 0E94 0000 		call xQueueGenericSend
  25:../../../../Lib/queueStream.c **** 
 222               	.LM6:
 223 0062 80E0      		ldi r24,0
 224 0064 90E0      		ldi r25,0
 225               	/* epilogue start */
 226 0066 0F90      		pop __tmp_reg__
 227 0068 DF91      		pop r29
 228 006a CF91      		pop r28
 229 006c 0895      		ret
 231               	.Lscope2:
 233               		.stabd	78,0,0
 239               	.global	initQueueStream
 241               	initQueueStream:
 242               		.stabd	46,0,0
   7:../../../../Lib/queueStream.c ****   fdev_setup_stream(stream, streamQueueOutputFun, streamQueueInputFun, _FDEV_SETUP_RW);
 244               	.LM7:
 245               	.LFBB3:
 246               	/* prologue: function */
 247               	/* frame size = 0 */
 248               	/* stack size = 0 */
 249               	.L__stack_usage = 0
 250 006e FC01      		movw r30,r24
   8:../../../../Lib/queueStream.c ****   fdev_set_udata(stream, (void *)buffer);
 252               	.LM8:
 253 0070 80E0      		ldi r24,lo8(gs(streamQueueOutputFun))
 254 0072 90E0      		ldi r25,hi8(gs(streamQueueOutputFun))
 255 0074 9187      		std Z+9,r25
 256 0076 8087      		std Z+8,r24
 257 0078 80E0      		ldi r24,lo8(gs(streamQueueInputFun))
 258 007a 90E0      		ldi r25,hi8(gs(streamQueueInputFun))
 259 007c 9387      		std Z+11,r25
 260 007e 8287      		std Z+10,r24
 261 0080 83E0      		ldi r24,lo8(3)
 262 0082 8383      		std Z+3,r24
   9:../../../../Lib/queueStream.c ****   buffer->Rx = Rx;
 264               	.LM9:
 265 0084 7587      		std Z+13,r23
 266 0086 6487      		std Z+12,r22
  10:../../../../Lib/queueStream.c ****   buffer->Tx = Tx;
 268               	.LM10:
 269 0088 FB01      		movw r30,r22
 270 008a 5183      		std Z+1,r21
 271 008c 4083      		st Z,r20
  11:../../../../Lib/queueStream.c ****   return;
 273               	.LM11:
 274 008e 3383      		std Z+3,r19
 275 0090 2283      		std Z+2,r18
 276 0092 0895      		ret
 278               	.Lscope3:
 280               		.stabd	78,0,0
 282               	.Letext0:
 283               		.ident	"GCC: (GNU) 4.9.2"
DEFINED SYMBOLS
                            *ABS*:0000000000000000 queueStream.c
     /tmp/ccDtVXmj.s:2      *ABS*:000000000000003e __SP_H__
     /tmp/ccDtVXmj.s:3      *ABS*:000000000000003d __SP_L__
     /tmp/ccDtVXmj.s:4      *ABS*:000000000000003f __SREG__
     /tmp/ccDtVXmj.s:5      *ABS*:0000000000000000 __tmp_reg__
     /tmp/ccDtVXmj.s:6      *ABS*:0000000000000001 __zero_reg__
     /tmp/ccDtVXmj.s:136    .text:0000000000000000 streamQueueInputFun
     /tmp/ccDtVXmj.s:190    .text:0000000000000038 streamQueueOutputFun
     /tmp/ccDtVXmj.s:241    .text:000000000000006e initQueueStream

UNDEFINED SYMBOLS
xQueueGenericReceive
xQueueGenericSend
