   1               		.file	"xmodem.c"
   2               	__SP_H__ = 0x3e
   3               	__SP_L__ = 0x3d
   4               	__SREG__ = 0x3f
   5               	__RAMPZ__ = 0x3b
   6               	__tmp_reg__ = 0
   7               	__zero_reg__ = 1
  10               		.text
  11               	.Ltext0:
 275               		.comm	czasRtc,7,1
 276               		.comm	sockets,2,1
 277               		.comm	tcpDebugLevel,1,1
 278               		.comm	tcpDebugStream,2,1
 279               		.comm	IpMyConfig,15,1
 280               		.comm	udpDbgLevel,1,1
 281               		.comm	udpDbgStream,2,1
 282               		.comm	udpSocket,2,1
 283               		.comm	icmpDebugLevel,1,1
 284               		.comm	icmpDebug,2,1
 285               		.comm	arpDebugLevel,1,1
 286               		.comm	arpDebug,2,1
 287               		.comm	nicState,14,1
 288               		.comm	xSemaphoreRs485,2,1
 289               		.comm	lockSensors,2,1
 290               		.comm	portB,1,1
 291               		.comm	portA,1,1
 292               		.comm	xSemaphoreSpiSS,2,1
 293               		.comm	rollers,2,1
 294               		.comm	wwwport,1,1
 295               		.comm	klastry,128,1
 318               	.Letext0:
 319               		.ident	"GCC: (GNU) 4.9.2"
 320               	.global __do_clear_bss
DEFINED SYMBOLS
                            *ABS*:0000000000000000 xmodem.c
     /tmp/ccS6UZmS.s:2      *ABS*:000000000000003e __SP_H__
     /tmp/ccS6UZmS.s:3      *ABS*:000000000000003d __SP_L__
     /tmp/ccS6UZmS.s:4      *ABS*:000000000000003f __SREG__
     /tmp/ccS6UZmS.s:5      *ABS*:000000000000003b __RAMPZ__
     /tmp/ccS6UZmS.s:6      *ABS*:0000000000000000 __tmp_reg__
     /tmp/ccS6UZmS.s:7      *ABS*:0000000000000001 __zero_reg__
                            *COM*:0000000000000007 czasRtc
                            *COM*:0000000000000002 sockets
                            *COM*:0000000000000001 tcpDebugLevel
                            *COM*:0000000000000002 tcpDebugStream
                            *COM*:000000000000000f IpMyConfig
                            *COM*:0000000000000001 udpDbgLevel
                            *COM*:0000000000000002 udpDbgStream
                            *COM*:0000000000000002 udpSocket
                            *COM*:0000000000000001 icmpDebugLevel
                            *COM*:0000000000000002 icmpDebug
                            *COM*:0000000000000001 arpDebugLevel
                            *COM*:0000000000000002 arpDebug
                            *COM*:000000000000000e nicState
                            *COM*:0000000000000002 xSemaphoreRs485
                            *COM*:0000000000000002 lockSensors
                            *COM*:0000000000000001 portB
                            *COM*:0000000000000001 portA
                            *COM*:0000000000000002 xSemaphoreSpiSS
                            *COM*:0000000000000002 rollers
                            *COM*:0000000000000001 wwwport
                            *COM*:0000000000000080 klastry

UNDEFINED SYMBOLS
__do_clear_bss
